// Jest Snapshot v1, https://goo.gl/fbAQLP

exports[`DeckInfoBar renders correctly 1`] = `ShallowWrapper {}`;
