// Jest Snapshot v1, https://goo.gl/fbAQLP

exports[`DeckViewer renders correctly 1`] = `ShallowWrapper {}`;
