// Jest Snapshot v1, https://goo.gl/fbAQLP

exports[`StudyCards renders correctly 1`] = `ShallowWrapper {}`;
