// Jest Snapshot v1, https://goo.gl/fbAQLP

exports[`LyricsPage renders correctly 1`] = `ShallowWrapper {}`;
