// Jest Snapshot v1, https://goo.gl/fbAQLP

exports[`SongResult renders correctly 1`] = `ShallowWrapper {}`;
