// Jest Snapshot v1, https://goo.gl/fbAQLP

exports[`Instructions renders correctly 1`] = `ShallowWrapper {}`;
